--- 
- !ruby/struct:VCR::HTTPInteraction 
  request: !ruby/struct:VCR::Request 
    method: :get
    uri: http://<USER>:<PASS>@<URL>:80/settings/hypervisor_zones/1/hypervisors.json
    body: 
    headers: 
      content-type: 
      - application/json
      authorization: 
      - Basic <REDACTED>
  response: !ruby/struct:VCR::Response 
    status: !ruby/struct:VCR::ResponseStatus 
      code: 200
      message: OK
    headers: 
      x-ua-compatible: 
      - IE=Edge,chrome=1
      etag: 
      - "\"08fb025b0b89b6d2ca38645750288a42\""
      x-powered-by: 
      - Phusion Passenger (mod_rails/mod_rack) 3.0.1
      content-type: 
      - application/json; charset=utf-8
      x-runtime: 
      - "0.057621"
      server: 
      - Apache/2.2.3 (CentOS)
      date: 
      - Tue, 14 Feb 2012 16:47:28 GMT
      set-cookie: 
      - <REDACTED>
      status: 
      - "200"
      cache-control: 
      - max-age=0, private, must-revalidate
      transfer-encoding: 
      - chunked
    body: "[{\"hypervisor\":{\"called_in_at\":\"2012-02-14T16:47:27Z\",\"disable_failover\":false,\"label\":\"HV1_DEV7\",\"redis_password\":null,\"created_at\":\"2010-10-27T14:26:13Z\",\"spare\":false,\"hypervisor_type\":\"xen\",\"used_cpu_resources\":62,\"updated_at\":\"2012-02-14T16:47:27Z\",\"enabled\":true,\"hypervisor_group_id\":3,\"id\":1,\"xen_info\":null,\"failure_count\":0,\"health\":{\"xm_list\":\"Name                                        ID   Mem VCPUs      State   Time(s)\\nDomain-0                                     0   400     4     r----- 331720.3\\ncdwr52nml5cm5h                             472   128     1     -b----   1400.5\\ncjiul6p4pljqzy                             527  1000     1     -b----    263.0\\nctuvu5qz1ap7ps                             458   128     1     -b----    363.4\\ngn7d6jnmpemmyr                             516   128     1     -b----   3570.5\\njigzq41nxdkyb1                             496   256     1     -b----   1333.0\\nwbbuk1v46rtwrv                             512   256     1     -b----   1363.6\",\"lvdisplay\":\"/dev/onapp-ukacvtyffbu7e2/b4e22zed3qtr1o:onapp-ukacvtyffbu7e2:3:1:-1:0:10485760:1280:-1:0:-1:253:6\\n  /dev/onapp-ukacvtyffbu7e2/dryizrlcppmlu4:onapp-ukacvtyffbu7e2:3:1:-1:0:2097152:256:-1:0:-1:253:7\\n  /dev/onapp-ukacvtyffbu7e2/o0kmh9ku7qy3no:onapp-ukacvtyffbu7e2:3:1:-1:0:10485760:1280:-1:0:-1:253:8\\n  /dev/onapp-ukacvtyffbu7e2/o5lf2f0hix23je:onapp-ukacvtyffbu7e2:3:1:-1:1:14680064:1792:-1:0:-1:253:9\\n  /dev/onapp-ukacvtyffbu7e2/at69z3ob30gxkx:onapp-ukacvtyffbu7e2:3:1:-1:1:2097152:256:-1:0:-1:253:10\\n  /dev/onapp-ukacvtyffbu7e2/ueggtw68xeivhp:onapp-ukacvtyffbu7e2:3:1:-1:1:4194304:512:-1:0:-1:253:11\\n  /dev/onapp-ukacvtyffbu7e2/xkgt397e7u4w9p:onapp-ukacvtyffbu7e2:3:1:-1:0:10485760:1280:-1:0:-1:253:1\\n  /dev/onapp-ukacvtyffbu7e2/ttq3ooicr5864d:onapp-ukacvtyffbu7e2:3:1:-1:0:2097152:256:-1:0:-1:253:12\\n  /dev/onapp-ukacvtyffbu7e2/pgk8qpfsi7pmb7:onapp-ukacvtyffbu7e2:3:0:-1:0:10485760:1280:-1:0:-1:-1:-1\\n  /dev/onapp-ukacvtyffbu7e2/qcucjz2iwa042r:onapp-ukacvtyffbu7e2:3:0:-1:0:18874368:2304:-1:0:-1:-1:-1\\n  /dev/onapp-ukacvtyffbu7e2/paoj98s8ab6xm7:onapp-ukacvtyffbu7e2:3:1:-1:0:2097152:256:-1:0:-1:253:28\\n  /dev/onapp-ukacvtyffbu7e2/tn07zjp6fqdzmo:onapp-ukacvtyffbu7e2:3:1:-1:1:20971520:2560:-1:0:-1:253:26\\n  /dev/onapp-ukacvtyffbu7e2/quvtn019emeokt:onapp-ukacvtyffbu7e2:3:1:-1:0:20971520:2560:-1:0:-1:253:27\\n  /dev/onapp-ukacvtyffbu7e2/pxf4f8jv89a25k:onapp-ukacvtyffbu7e2:3:1:-1:0:10485760:1280:-1:0:-1:253:2\\n  /dev/onapp-ukacvtyffbu7e2/ng7qnw7g4to49a:onapp-ukacvtyffbu7e2:3:1:-1:0:2097152:256:-1:0:-1:253:3\\n  /dev/onapp-ukacvtyffbu7e2/e14c5fpe4v2il8:onapp-ukacvtyffbu7e2:3:1:-1:0:10485760:1280:-1:0:-1:253:15\\n  /dev/onapp-ukacvtyffbu7e2/bipqs17ua7v03g:onapp-ukacvtyffbu7e2:3:1:-1:0:2097152:256:-1:0:-1:253:17\\n  /dev/onapp-ukacvtyffbu7e2/le3fb7b3vtbwro:onapp-ukacvtyffbu7e2:3:1:-1:0:18874368:2304:-1:0:-1:253:19\\n  /dev/onapp-ukacvtyffbu7e2/o3pfa7brassr6i:onapp-ukacvtyffbu7e2:3:1:-1:0:2097152:256:-1:0:-1:253:20\\n  /dev/onapp-ukacvtyffbu7e2/ijylbulp0xxw84:onapp-ukacvtyffbu7e2:3:1:-1:0:10485760:1280:-1:0:-1:253:13\\n  /dev/onapp-ukacvtyffbu7e2/tou7rg4r4955ax:onapp-ukacvtyffbu7e2:3:1:-1:0:10485760:1280:-1:0:-1:253:14\\n  /dev/onapp-ukacvtyffbu7e2/h1grds33sqw1oc:onapp-ukacvtyffbu7e2:3:1:-1:0:2097152:256:-1:0:-1:253:21\\n  /dev/onapp-ukacvtyffbu7e2/yrm9f0x6csmbiv:onapp-ukacvtyffbu7e2:3:1:-1:1:10485760:1280:-1:0:-1:253:25\\n  /dev/onapp-ukacvtyffbu7e2/jl91kniaxd896a:onapp-ukacvtyffbu7e2:3:1:-1:1:2097152:256:-1:0:-1:253:31\\n  /dev/onapp-ukacvtyffbu7e2/aexz48o75wxhjx:onapp-ukacvtyffbu7e2:3:1:-1:0:10485760:1280:-1:0:-1:253:24\\n  /dev/onapp-ukacvtyffbu7e2/pwepelx057b87j:onapp-ukacvtyffbu7e2:3:1:-1:1:2097152:256:-1:0:-1:253:32\\n  /dev/onapp-ukacvtyffbu7e2/h9p98zppnop4ex:onapp-ukacvtyffbu7e2:3:1:-1:0:10485760:1280:-1:0:-1:253:33\\n  /dev/onapp-ukacvtyffbu7e2/t6hfu501rt1nxo:onapp-ukacvtyffbu7e2:3:1:-1:0:2097152:256:-1:0:-1:253:34\\n  /dev/onapp-ukacvtyffbu7e2/vjvd2vrg23eqjf:onapp-ukacvtyffbu7e2:3:1:-1:0:10485760:1280:-1:0:-1:253:35\\n  /dev/onapp-ukacvtyffbu7e2/x55mec29cjkzqc:onapp-ukacvtyffbu7e2:3:1:-1:0:2097152:256:-1:0:-1:253:36\\n  /dev/onapp-ukacvtyffbu7e2/hplh25hp8slttw:onapp-ukacvtyffbu7e2:3:1:-1:1:10485760:1280:-1:0:-1:253:37\\n  /dev/onapp-ukacvtyffbu7e2/s085phsmxmctqd:onapp-ukacvtyffbu7e2:3:1:-1:1:2097152:256:-1:0:-1:253:38\\n  /dev/onapp-ukacvtyffbu7e2/py3iav1zxalpd6:onapp-ukacvtyffbu7e2:3:1:-1:1:10485760:1280:-1:0:-1:253:4\\n  /dev/onapp-ukacvtyffbu7e2/ipklcg0nezecc4:onapp-ukacvtyffbu7e2:3:1:-1:1:2097152:256:-1:0:-1:253:5\\n  /dev/onapp-ukacvtyffbu7e2/wwov2b9z8yl4po:onapp-ukacvtyffbu7e2:3:0:-1:0:10485760:1280:-1:0:-1:-1:-1\\n  /dev/onapp-ukacvtyffbu7e2/mn5w2mljspgbda:onapp-ukacvtyffbu7e2:3:0:-1:0:2097152:256:-1:0:-1:-1:-1\\n  /dev/onapp-ukacvtyffbu7e2/sizt08r3m9w323:onapp-ukacvtyffbu7e2:3:1:-1:1:10485760:1280:-1:0:-1:253:22\\n  /dev/onapp-ukacvtyffbu7e2/hkdgg5uqulrhc4:onapp-ukacvtyffbu7e2:3:1:-1:1:2097152:256:-1:0:-1:253:23\\n  /dev/onapp-ukacvtyffbu7e2/wjtlfkultkc1uu:onapp-ukacvtyffbu7e2:3:1:-1:0:10485760:1280:-1:0:-1:253:0\\n  /dev/onapp-ukacvtyffbu7e2/hkv9989iasjbvu:onapp-ukacvtyffbu7e2:3:1:-1:0:2097152:256:-1:0:-1:253:16\\n  /dev/onapp-ukacvtyffbu7e2/tchoh6vkllaevn:onapp-ukacvtyffbu7e2:3:1:-1:1:41943040:5120:-1:0:-1:253:18\\n  /dev/onapp-ukacvtyffbu7e2/y62d9yyf100eon:onapp-ukacvtyffbu7e2:3:0:-1:0:10485760:1280:-1:0:-1:-1:-1\\n  /dev/onapp-ukacvtyffbu7e2/fhhgg1z95bilgg:onapp-ukacvtyffbu7e2:3:0:-1:0:2097152:256:-1:0:-1:-1:-1\",\"memory\":\"total       used       free     shared    buffers     cached\\nMem:           400        257        142          0          2         24\\n-/+ buffers/cache:        230        169\\nSwap:         4000        123       3877\",\"xm_info\":\"host                   : dev7-hv1\\nrelease                : 2.6.18-274.7.1.el5xen\\nversion                : #1 SMP Thu Oct 20 17:06:34 EDT 2011\\nmachine                : x86_64\\nnr_cpus                : 4\\nnr_nodes               : 1\\ncores_per_socket       : 4\\nthreads_per_core       : 1\\ncpu_mhz                : 2128\\nhw_caps                : bfebfbff:28100800:00000000:00000340:009ce3bd:00000000:00000001:00000000\\nvirt_caps              : hvm\\ntotal_memory           : 6135\\nfree_memory            : 3759\\nnode_to_cpu            : node0:0-3\\nnode_to_memory         : node0:3759\\nxen_major              : 3\\nxen_minor              : 4\\nxen_extra              : .3\\nxen_caps               : xen-3.0-x86_64 xen-3.0-x86_32p hvm-3.0-x86_32 hvm-3.0-x86_32p hvm-3.0-x86_64 \\nxen_scheduler          : credit\\nxen_pagesize           : 4096\\nplatform_params        : virt_start=0xffff800000000000\\nxen_changeset          : unavailable\\ncc_compiler            : gcc version 4.1.2 20080704 (Red Hat 4.1.2-50)\\ncc_compile_by          : root\\ncc_compile_domain      : \\ncc_compile_date        : Mon Jul 18 01:25:23 EDT 2011\\nxend_config_format     : 4\",\"netstats\":\"lo 8349673 8349673\\neth0 111473937777 34638864760\\neth1 7186730173144 1106373278989\\neth2 12360724417 1733887477\\nsit0 0 0\\nvif0.0 0 0\\nveth0 0 0\\nvif0.1 0 0\\nveth1 0 0\\nvif0.2 0 0\\nveth2 0 0\\nvif0.3 0 0\\nveth3 0 0\\nvif0.4 0 0\\nveth4 0 0\\ngc82xdul9xjfix 60273097 2824031\\nga70spphc5e60t 0 0\\n63bo17nh4977nz 3808 333128\\neth0.2 0 671170\\numby2f4cyyvbo0 11794042 15831452\\nkx5bosu7gjj5r8 39764416 36873361\\nkvqeiwoocwicol 51918419 42827083\\nctcgb235tebmu2 58667134 46492739\\npb98pl3ddnqkmk 23467437 12829923\\nj8y3awef2cxp99 8622429 11198435\",\"vgdisplay\":\"onapp-ukacvtyffbu7e2:r/w:772:-1:0:43:13:-1:0:1:1:488333312:4096:119222:44800:74422:kMezd1-tNCg-XwOm-A3b3-hf59-2z02-YlMd66\",\"uptime\":\"16:47:27 up 71 days, 10:21,  1 user,  load average: 0.00, 0.02, 0.04\",\"disk\":\"Filesystem            Size  Used Avail Use% Mounted on\\n/dev/sda3              25G  6.0G   18G  26% /\\n/dev/sda1              99M   78M   17M  83% /boot\\ntmpfs                 200M     0  200M   0% /dev/shm\\nnone                  200M  512K  200M   1% /var/lib/xenstored\\n/dev/mapper/onapp--ukacvtyffbu7e2-tn07zjp6fqdzmo\\n                      9.9G  1.2G  8.2G  13% /mnt/onapp-tmp-tn07zjp6fqdzmo\\nsshfs#root@<URL>:/onapp/templates\\n                     1000G     0 1000G   0% /mnt/onapp-provision\"},\"total_cpus\":4,\"total_memory\":6135,\"memory_overhead\":464,\"cpu_cores\":4,\"free_memory\":1380,\"ip_address\":\"109.123.105.196\",\"locked\":false,\"online\":true,\"data_store_free_space\":2}},{\"hypervisor\":{\"called_in_at\":\"2012-01-25T13:58:56Z\",\"disable_failover\":false,\"label\":\"test2\",\"redis_password\":null,\"created_at\":\"2011-03-03T17:23:06Z\",\"spare\":false,\"hypervisor_type\":\"xen\",\"used_cpu_resources\":0,\"updated_at\":\"2012-02-14T16:47:25Z\",\"enabled\":true,\"hypervisor_group_id\":3,\"id\":4,\"xen_info\":null,\"failure_count\":344300,\"health\":null,\"total_cpus\":0,\"total_memory\":0,\"memory_overhead\":464,\"cpu_cores\":0,\"free_memory\":-464,\"ip_address\":\"10.10.10.4\",\"locked\":false,\"online\":false,\"data_store_free_space\":2}},{\"hypervisor\":{\"called_in_at\":\"2012-02-14T16:47:15Z\",\"disable_failover\":false,\"label\":\"dev7hv2\",\"redis_password\":null,\"created_at\":\"2011-08-12T08:59:49Z\",\"spare\":false,\"hypervisor_type\":\"xen\",\"used_cpu_resources\":198,\"updated_at\":\"2012-02-14T16:47:15Z\",\"enabled\":true,\"hypervisor_group_id\":3,\"id\":5,\"xen_info\":null,\"failure_count\":0,\"health\":{\"xm_list\":\"Name                                        ID   Mem VCPUs      State   Time(s)\\nDomain-0                                     0   400     4     r-----   9977.6\",\"lvdisplay\":\"/dev/onapp-ukacvtyffbu7e2/b4e22zed3qtr1o:onapp-ukacvtyffbu7e2:3:0:-1:0:10485760:1280:-1:0:-1:-1:-1\\n  /dev/onapp-ukacvtyffbu7e2/dryizrlcppmlu4:onapp-ukacvtyffbu7e2:3:0:-1:0:2097152:256:-1:0:-1:-1:-1\\n  /dev/onapp-ukacvtyffbu7e2/o0kmh9ku7qy3no:onapp-ukacvtyffbu7e2:3:0:-1:0:10485760:1280:-1:0:-1:-1:-1\\n  /dev/onapp-ukacvtyffbu7e2/o5lf2f0hix23je:onapp-ukacvtyffbu7e2:3:0:-1:0:14680064:1792:-1:0:-1:-1:-1\\n  /dev/onapp-ukacvtyffbu7e2/at69z3ob30gxkx:onapp-ukacvtyffbu7e2:3:0:-1:0:2097152:256:-1:0:-1:-1:-1\\n  /dev/onapp-ukacvtyffbu7e2/ueggtw68xeivhp:onapp-ukacvtyffbu7e2:3:0:-1:0:4194304:512:-1:0:-1:-1:-1\\n  /dev/onapp-ukacvtyffbu7e2/xkgt397e7u4w9p:onapp-ukacvtyffbu7e2:3:0:-1:0:10485760:1280:-1:0:-1:-1:-1\\n  /dev/onapp-ukacvtyffbu7e2/ttq3ooicr5864d:onapp-ukacvtyffbu7e2:3:0:-1:0:2097152:256:-1:0:-1:-1:-1\\n  /dev/onapp-ukacvtyffbu7e2/pgk8qpfsi7pmb7:onapp-ukacvtyffbu7e2:3:0:-1:0:10485760:1280:-1:0:-1:-1:-1\\n  /dev/onapp-ukacvtyffbu7e2/qcucjz2iwa042r:onapp-ukacvtyffbu7e2:3:0:-1:0:18874368:2304:-1:0:-1:-1:-1\\n  /dev/onapp-ukacvtyffbu7e2/paoj98s8ab6xm7:onapp-ukacvtyffbu7e2:3:0:-1:0:2097152:256:-1:0:-1:-1:-1\\n  /dev/onapp-ukacvtyffbu7e2/tn07zjp6fqdzmo:onapp-ukacvtyffbu7e2:3:0:-1:0:20971520:2560:-1:0:-1:-1:-1\\n  /dev/onapp-ukacvtyffbu7e2/quvtn019emeokt:onapp-ukacvtyffbu7e2:3:0:-1:0:20971520:2560:-1:0:-1:-1:-1\\n  /dev/onapp-ukacvtyffbu7e2/pxf4f8jv89a25k:onapp-ukacvtyffbu7e2:3:0:-1:0:10485760:1280:-1:0:-1:-1:-1\\n  /dev/onapp-ukacvtyffbu7e2/ng7qnw7g4to49a:onapp-ukacvtyffbu7e2:3:0:-1:0:2097152:256:-1:0:-1:-1:-1\\n  /dev/onapp-ukacvtyffbu7e2/e14c5fpe4v2il8:onapp-ukacvtyffbu7e2:3:0:-1:0:10485760:1280:-1:0:-1:-1:-1\\n  /dev/onapp-ukacvtyffbu7e2/bipqs17ua7v03g:onapp-ukacvtyffbu7e2:3:0:-1:0:2097152:256:-1:0:-1:-1:-1\\n  /dev/onapp-ukacvtyffbu7e2/le3fb7b3vtbwro:onapp-ukacvtyffbu7e2:3:0:-1:0:18874368:2304:-1:0:-1:-1:-1\\n  /dev/onapp-ukacvtyffbu7e2/o3pfa7brassr6i:onapp-ukacvtyffbu7e2:3:0:-1:0:2097152:256:-1:0:-1:-1:-1\\n  /dev/onapp-ukacvtyffbu7e2/ijylbulp0xxw84:onapp-ukacvtyffbu7e2:3:0:-1:0:10485760:1280:-1:0:-1:-1:-1\\n  /dev/onapp-ukacvtyffbu7e2/tou7rg4r4955ax:onapp-ukacvtyffbu7e2:3:0:-1:0:10485760:1280:-1:0:-1:-1:-1\\n  /dev/onapp-ukacvtyffbu7e2/h1grds33sqw1oc:onapp-ukacvtyffbu7e2:3:0:-1:0:2097152:256:-1:0:-1:-1:-1\\n  /dev/onapp-ukacvtyffbu7e2/yrm9f0x6csmbiv:onapp-ukacvtyffbu7e2:3:0:-1:0:10485760:1280:-1:0:-1:-1:-1\\n  /dev/onapp-ukacvtyffbu7e2/jl91kniaxd896a:onapp-ukacvtyffbu7e2:3:0:-1:0:2097152:256:-1:0:-1:-1:-1\\n  /dev/onapp-ukacvtyffbu7e2/aexz48o75wxhjx:onapp-ukacvtyffbu7e2:3:0:-1:0:10485760:1280:-1:0:-1:-1:-1\\n  /dev/onapp-ukacvtyffbu7e2/pwepelx057b87j:onapp-ukacvtyffbu7e2:3:0:-1:0:2097152:256:-1:0:-1:-1:-1\\n  /dev/onapp-ukacvtyffbu7e2/h9p98zppnop4ex:onapp-ukacvtyffbu7e2:3:0:-1:0:10485760:1280:-1:0:-1:-1:-1\\n  /dev/onapp-ukacvtyffbu7e2/t6hfu501rt1nxo:onapp-ukacvtyffbu7e2:3:0:-1:0:2097152:256:-1:0:-1:-1:-1\\n  /dev/onapp-ukacvtyffbu7e2/vjvd2vrg23eqjf:onapp-ukacvtyffbu7e2:3:0:-1:0:10485760:1280:-1:0:-1:-1:-1\\n  /dev/onapp-ukacvtyffbu7e2/x55mec29cjkzqc:onapp-ukacvtyffbu7e2:3:0:-1:0:2097152:256:-1:0:-1:-1:-1\\n  /dev/onapp-ukacvtyffbu7e2/hplh25hp8slttw:onapp-ukacvtyffbu7e2:3:0:-1:0:10485760:1280:-1:0:-1:-1:-1\\n  /dev/onapp-ukacvtyffbu7e2/s085phsmxmctqd:onapp-ukacvtyffbu7e2:3:0:-1:0:2097152:256:-1:0:-1:-1:-1\\n  /dev/onapp-ukacvtyffbu7e2/py3iav1zxalpd6:onapp-ukacvtyffbu7e2:3:0:-1:0:10485760:1280:-1:0:-1:-1:-1\\n  /dev/onapp-ukacvtyffbu7e2/ipklcg0nezecc4:onapp-ukacvtyffbu7e2:3:0:-1:0:2097152:256:-1:0:-1:-1:-1\\n  /dev/onapp-ukacvtyffbu7e2/wwov2b9z8yl4po:onapp-ukacvtyffbu7e2:3:0:-1:0:10485760:1280:-1:0:-1:-1:-1\\n  /dev/onapp-ukacvtyffbu7e2/mn5w2mljspgbda:onapp-ukacvtyffbu7e2:3:0:-1:0:2097152:256:-1:0:-1:-1:-1\\n  /dev/onapp-ukacvtyffbu7e2/sizt08r3m9w323:onapp-ukacvtyffbu7e2:3:0:-1:0:10485760:1280:-1:0:-1:-1:-1\\n  /dev/onapp-ukacvtyffbu7e2/hkdgg5uqulrhc4:onapp-ukacvtyffbu7e2:3:0:-1:0:2097152:256:-1:0:-1:-1:-1\\n  /dev/onapp-ukacvtyffbu7e2/wjtlfkultkc1uu:onapp-ukacvtyffbu7e2:3:0:-1:0:10485760:1280:-1:0:-1:-1:-1\\n  /dev/onapp-ukacvtyffbu7e2/hkv9989iasjbvu:onapp-ukacvtyffbu7e2:3:0:-1:0:2097152:256:-1:0:-1:-1:-1\\n  /dev/onapp-ukacvtyffbu7e2/tchoh6vkllaevn:onapp-ukacvtyffbu7e2:3:0:-1:0:41943040:5120:-1:0:-1:-1:-1\\n  /dev/onapp-ukacvtyffbu7e2/y62d9yyf100eon:onapp-ukacvtyffbu7e2:3:1:-1:0:10485760:1280:-1:0:-1:253:0\\n  /dev/onapp-ukacvtyffbu7e2/fhhgg1z95bilgg:onapp-ukacvtyffbu7e2:3:1:-1:0:2097152:256:-1:0:-1:253:1\",\"memory\":\"total       used       free     shared    buffers     cached\\nMem:           400        354         45          0         48         77\\n-/+ buffers/cache:        228        171\\nSwap:         4000          2       3997\",\"xm_info\":\"host                   : dev7-hv2\\nrelease                : 2.6.18-238.19.1.el5xen\\nversion                : #1 SMP Fri Jul 15 08:16:59 EDT 2011\\nmachine                : x86_64\\nnr_cpus                : 4\\nnr_nodes               : 1\\ncores_per_socket       : 4\\nthreads_per_core       : 1\\ncpu_mhz                : 2128\\nhw_caps                : bfebfbff:28100800:00000000:00000340:009ce3bd:00000000:00000001:00000000\\nvirt_caps              : hvm\\ntotal_memory           : 6135\\nfree_memory            : 5658\\nnode_to_cpu            : node0:0-3\\nnode_to_memory         : node0:5658\\nxen_major              : 3\\nxen_minor              : 4\\nxen_extra              : .3\\nxen_caps               : xen-3.0-x86_64 xen-3.0-x86_32p hvm-3.0-x86_32 hvm-3.0-x86_32p hvm-3.0-x86_64 \\nxen_scheduler          : credit\\nxen_pagesize           : 4096\\nplatform_params        : virt_start=0xffff800000000000\\nxen_changeset          : unavailable\\ncc_compiler            : gcc version 4.1.2 20080704 (Red Hat 4.1.2-50)\\ncc_compile_by          : root\\ncc_compile_domain      : \\ncc_compile_date        : Mon Jul 18 01:25:23 EDT 2011\\nxend_config_format     : 4\",\"netstats\":\"lo 246669 246669\\neth0 676500734 638458440\\neth1 418394740 1759535225\\neth2 23163036 806776\\nsit0 0 0\\nvif0.0 0 0\\nveth0 0 0\\nvif0.1 0 0\\nveth1 0 0\\nvif0.2 0 0\\nveth2 0 0\\nvif0.3 0 0\\nveth3 0 0\\nvif0.4 0 0\\nveth4 0 0\\ngc82xdul9xjfix 6352123 268302\",\"vgdisplay\":\"onapp-ukacvtyffbu7e2:r/w:772:-1:0:43:0:-1:0:1:1:488333312:4096:119222:44800:74422:kMezd1-tNCg-XwOm-A3b3-hf59-2z02-YlMd66\",\"uptime\":\"16:47:14 up 5 days,  5:37,  0 users,  load average: 0.06, 0.03, 0.00\",\"disk\":\"Filesystem            Size  Used Avail Use% Mounted on\\n/dev/sda3              25G  2.6G   22G  11% /\\n/dev/sda1              99M   52M   42M  56% /boot\\ntmpfs                 200M     0  200M   0% /dev/shm\\nnone                  200M   80K  200M   1% /var/lib/xenstored\"},\"total_cpus\":4,\"total_memory\":6135,\"memory_overhead\":200,\"cpu_cores\":4,\"free_memory\":4332,\"ip_address\":\"109.123.105.197\",\"locked\":false,\"online\":true,\"data_store_free_space\":2}}]"
    http_version: "1.1"
